// Jest Snapshot v1, https://goo.gl/fbAQLP

exports[`ProductCard component renders without crashing 1`] = `
Object {
  "asFragment": [Function],
  "baseElement": <body>
    <div>
      <div
        class=" product-list-thumbnail shadow dark:shadow-none dark:bg-slate-800 rounded-xl "
        style="position: relative;"
      >
        <a
          class=""
          href="/productpage/69b3258a-faf1-43af-a32a-41ad4e03b329"
        >
          <div
            class="group relative"
          >
            <img
              alt="Poduct"
              src="https://assets.adidas.com/images/h_840,f_auto,q_auto,fl_lossy,c_fill,g_auto/63c77c04dc6448548ccbae880189e107_9366/Galaxy_6_Shoes_Black_GW3848_01_standard.jpg"
            />
            <div
              class="flex absolute bottom-0 opacity-0  group-hover:opacity-100 transition-opacity"
            >
              <img
                class="size-16 bg-slate-500"
                src="https://assets.adidas.com/images/h_840,f_auto,q_auto,fl_lossy,c_fill,g_auto/63c77c04dc6448548ccbae880189e107_9366/Galaxy_6_Shoes_Black_GW3848_01_standard.jpg"
              />
              <img
                class="size-16 bg-slate-500"
                src="https://assets.adidas.com/images/h_840,f_auto,q_auto,fl_lossy,c_fill,g_auto/63c77c04dc6448548ccbae880189e107_9366/Galaxy_6_Shoes_Black_GW3848_01_standard.jpg"
              />
              <img
                class="size-16 bg-slate-500"
              />
              <img
                class="size-16 bg-slate-500"
              />
            </div>
          </div>
          <p
            class="m-0 mt-2 ps-3"
            style="font-size: 14px; font-weight: bold;"
          >
            Shoe1
          </p>
          <p
            class="m-0 mb-2 ps-3"
            style="font-size: 12px;"
          >
            2 colors
          </p>
          <button
            class="inline-flex items-center justify-center whitespace-nowrap rounded-md text-sm font-medium transition-colors focus-visible:outline-none focus-visible:ring-1 focus-visible:ring-ring disabled:pointer-events-none disabled:opacity-50 bg-primary text-primary-foreground shadow hover:bg-primary/90 h-9 px-4 py-2"
            style="position: absolute; right: 10px; bottom: 10px;"
          >
            Details
          </button>
        </a>
      </div>
    </div>
  </body>,
  "container": <div>
    <div
      class=" product-list-thumbnail shadow dark:shadow-none dark:bg-slate-800 rounded-xl "
      style="position: relative;"
    >
      <a
        class=""
        href="/productpage/69b3258a-faf1-43af-a32a-41ad4e03b329"
      >
        <div
          class="group relative"
        >
          <img
            alt="Poduct"
            src="https://assets.adidas.com/images/h_840,f_auto,q_auto,fl_lossy,c_fill,g_auto/63c77c04dc6448548ccbae880189e107_9366/Galaxy_6_Shoes_Black_GW3848_01_standard.jpg"
          />
          <div
            class="flex absolute bottom-0 opacity-0  group-hover:opacity-100 transition-opacity"
          >
            <img
              class="size-16 bg-slate-500"
              src="https://assets.adidas.com/images/h_840,f_auto,q_auto,fl_lossy,c_fill,g_auto/63c77c04dc6448548ccbae880189e107_9366/Galaxy_6_Shoes_Black_GW3848_01_standard.jpg"
            />
            <img
              class="size-16 bg-slate-500"
              src="https://assets.adidas.com/images/h_840,f_auto,q_auto,fl_lossy,c_fill,g_auto/63c77c04dc6448548ccbae880189e107_9366/Galaxy_6_Shoes_Black_GW3848_01_standard.jpg"
            />
            <img
              class="size-16 bg-slate-500"
            />
            <img
              class="size-16 bg-slate-500"
            />
          </div>
        </div>
        <p
          class="m-0 mt-2 ps-3"
          style="font-size: 14px; font-weight: bold;"
        >
          Shoe1
        </p>
        <p
          class="m-0 mb-2 ps-3"
          style="font-size: 12px;"
        >
          2 colors
        </p>
        <button
          class="inline-flex items-center justify-center whitespace-nowrap rounded-md text-sm font-medium transition-colors focus-visible:outline-none focus-visible:ring-1 focus-visible:ring-ring disabled:pointer-events-none disabled:opacity-50 bg-primary text-primary-foreground shadow hover:bg-primary/90 h-9 px-4 py-2"
          style="position: absolute; right: 10px; bottom: 10px;"
        >
          Details
        </button>
      </a>
    </div>
  </div>,
  "debug": [Function],
  "findAllByAltText": [Function],
  "findAllByDisplayValue": [Function],
  "findAllByLabelText": [Function],
  "findAllByPlaceholderText": [Function],
  "findAllByRole": [Function],
  "findAllByTestId": [Function],
  "findAllByText": [Function],
  "findAllByTitle": [Function],
  "findByAltText": [Function],
  "findByDisplayValue": [Function],
  "findByLabelText": [Function],
  "findByPlaceholderText": [Function],
  "findByRole": [Function],
  "findByTestId": [Function],
  "findByText": [Function],
  "findByTitle": [Function],
  "getAllByAltText": [Function],
  "getAllByDisplayValue": [Function],
  "getAllByLabelText": [Function],
  "getAllByPlaceholderText": [Function],
  "getAllByRole": [Function],
  "getAllByTestId": [Function],
  "getAllByText": [Function],
  "getAllByTitle": [Function],
  "getByAltText": [Function],
  "getByDisplayValue": [Function],
  "getByLabelText": [Function],
  "getByPlaceholderText": [Function],
  "getByRole": [Function],
  "getByTestId": [Function],
  "getByText": [Function],
  "getByTitle": [Function],
  "queryAllByAltText": [Function],
  "queryAllByDisplayValue": [Function],
  "queryAllByLabelText": [Function],
  "queryAllByPlaceholderText": [Function],
  "queryAllByRole": [Function],
  "queryAllByTestId": [Function],
  "queryAllByText": [Function],
  "queryAllByTitle": [Function],
  "queryByAltText": [Function],
  "queryByDisplayValue": [Function],
  "queryByLabelText": [Function],
  "queryByPlaceholderText": [Function],
  "queryByRole": [Function],
  "queryByTestId": [Function],
  "queryByText": [Function],
  "queryByTitle": [Function],
  "rerender": [Function],
  "unmount": [Function],
}
`;
